node.exe : node:interna
l/modules/cjs/loader:13
86
At C:\Users\LENOVO\AppD
ata\Roaming\npm\pnpm.ps
1:24 char:5
+     & "node$exe"  "$b
asedir/node_modules/pnp
m/bin/pnpm.cjs" $args
+     ~~~~~~~~~~~~~~~~~
~~~~~~~~~~~~~~~~~~~~~~~
~~~~~~~~~~~~~~~~~~~~~
    + CategoryInfo     
         : NotSpecifi  
  ed: (node:internal   
 /modules/cjs/loade    
r:1386:String) [],     
RemoteException
    + FullyQualifiedEr 
   rorId : NativeComm  
  andError
 
  throw err;
  ^

Error: Cannot find 
module 'C:\Users\LENOVO
\Documents\Projectos\Cl
inicaPlus\apps\api\node
_modules\vitest\vitest.
mjs'
    at Function._resolv
eFilename (node:interna
l/modules/cjs/loader:13
83:15)
    at 
defaultResolveImpl (nod
e:internal/modules/cjs/
loader:1025:19)
    at 
resolveForCJSWithHooks 
(node:internal/modules/
cjs/loader:1030:22)
    at Function._load (
node:internal/modules/c
js/loader:1192:37)
    at TracingChannel.t
raceSync (node:diagnost
ics_channel:328:14)
    at wrapModuleLoad (
node:internal/modules/c
js/loader:237:24)
    at Function.execute
UserEntryPoint [as 
runMain] (node:internal
/modules/run_main:171:5
)
    at node:internal/ma
in/run_main_module:36:4
9 {
  code: 
'MODULE_NOT_FOUND',
  requireStack: []
}

Node.js v22.21.0
undefined
C:\Users\LENOVO\Documents\Projectos\ClinicaPlus\apps\api:
ÔÇëERR_PNPM_RECURSIVE_EXEC_FIRST_FAILÔÇë Command "vitest" not found
